<?xml version="1.0"?>
<link_info>
   <banner>TI ARM Linker PC v15.12.3.LTS</banner>
   <copyright>Copyright (c) 1996-2015 Texas Instruments Incorporated</copyright>
   <link_time>0x5d60ba1d</link_time>
   <link_errors>0x0</link_errors>
   <output_file>usb_dev_CWKBD.out</output_file>
   <entry_point>
      <name>_c_int00</name>
      <address>0x62c1</address>
   </entry_point>
   <input_file_list>
      <input_file id="fl-2">
         <path>.\</path>
         <kind>object</kind>
         <file>adc.obj</file>
         <name>adc.obj</name>
      </input_file>
      <input_file id="fl-3">
         <path>.\</path>
         <kind>object</kind>
         <file>eeprom.obj</file>
         <name>eeprom.obj</name>
      </input_file>
      <input_file id="fl-4">
         <path>.\</path>
         <kind>object</kind>
         <file>keypad.obj</file>
         <name>keypad.obj</name>
      </input_file>
      <input_file id="fl-5">
         <path>.\</path>
         <kind>object</kind>
         <file>morse.obj</file>
         <name>morse.obj</name>
      </input_file>
      <input_file id="fl-6">
         <path>.\</path>
         <kind>object</kind>
         <file>morse_lut.obj</file>
         <name>morse_lut.obj</name>
      </input_file>
      <input_file id="fl-7">
         <path>.\</path>
         <kind>object</kind>
         <file>sine_c.obj</file>
         <name>sine_c.obj</name>
      </input_file>
      <input_file id="fl-8">
         <path>.\</path>
         <kind>object</kind>
         <file>startup_ccs.obj</file>
         <name>startup_ccs.obj</name>
      </input_file>
      <input_file id="fl-9">
         <path>.\</path>
         <kind>object</kind>
         <file>tiva_init.obj</file>
         <name>tiva_init.obj</name>
      </input_file>
      <input_file id="fl-a">
         <path>.\</path>
         <kind>object</kind>
         <file>usb_dev_hidkybd.obj</file>
         <name>usb_dev_hidkybd.obj</name>
      </input_file>
      <input_file id="fl-b">
         <path>.\</path>
         <kind>object</kind>
         <file>usb_hidkybd_structs.obj</file>
         <name>usb_hidkybd_structs.obj</name>
      </input_file>
      <input_file id="fl-c">
         <path>.\</path>
         <kind>object</kind>
         <file>version.obj</file>
         <name>version.obj</name>
      </input_file>
      <input_file id="fl-d">
         <path>.\drivers\</path>
         <kind>object</kind>
         <file>buttons.obj</file>
         <name>buttons.obj</name>
      </input_file>
      <input_file id="fl-e">
         <path>.\utils\</path>
         <kind>object</kind>
         <file>uartstdio.obj</file>
         <name>uartstdio.obj</name>
      </input_file>
      <input_file id="fl-ca">
         <path>C:\ti\ccsv6\tools\compiler\arm_15.12.3.LTS\lib\</path>
         <kind>archive</kind>
         <file>rtsv7M4_T_le_v4SPD16_eabi.lib</file>
         <name>boot.obj</name>
      </input_file>
      <input_file id="fl-cb">
         <path>C:\ti\ccsv6\tools\compiler\arm_15.12.3.LTS\lib\</path>
         <kind>archive</kind>
         <file>rtsv7M4_T_le_v4SPD16_eabi.lib</file>
         <name>copy_decompress_none.obj</name>
      </input_file>
      <input_file id="fl-cc">
         <path>C:\ti\ccsv6\tools\compiler\arm_15.12.3.LTS\lib\</path>
         <kind>archive</kind>
         <file>rtsv7M4_T_le_v4SPD16_eabi.lib</file>
         <name>copy_decompress_rle.obj</name>
      </input_file>
      <input_file id="fl-cd">
         <path>C:\ti\ccsv6\tools\compiler\arm_15.12.3.LTS\lib\</path>
         <kind>archive</kind>
         <file>rtsv7M4_T_le_v4SPD16_eabi.lib</file>
         <name>copy_zero_init.obj</name>
      </input_file>
      <input_file id="fl-ce">
         <path>C:\ti\ccsv6\tools\compiler\arm_15.12.3.LTS\lib\</path>
         <kind>archive</kind>
         <file>rtsv7M4_T_le_v4SPD16_eabi.lib</file>
         <name>exit.obj</name>
      </input_file>
      <input_file id="fl-cf">
         <path>C:\ti\ccsv6\tools\compiler\arm_15.12.3.LTS\lib\</path>
         <kind>archive</kind>
         <file>rtsv7M4_T_le_v4SPD16_eabi.lib</file>
         <name>memcpy_t2.obj</name>
      </input_file>
      <input_file id="fl-d0">
         <path>C:\ti\ccsv6\tools\compiler\arm_15.12.3.LTS\lib\</path>
         <kind>archive</kind>
         <file>rtsv7M4_T_le_v4SPD16_eabi.lib</file>
         <name>memset_t2.obj</name>
      </input_file>
      <input_file id="fl-d1">
         <path>C:\ti\ccsv6\tools\compiler\arm_15.12.3.LTS\lib\</path>
         <kind>archive</kind>
         <file>rtsv7M4_T_le_v4SPD16_eabi.lib</file>
         <name>mpu_init.obj</name>
      </input_file>
      <input_file id="fl-d2">
         <path>C:\ti\ccsv6\tools\compiler\arm_15.12.3.LTS\lib\</path>
         <kind>archive</kind>
         <file>rtsv7M4_T_le_v4SPD16_eabi.lib</file>
         <name>pre_init.obj</name>
      </input_file>
      <input_file id="fl-d3">
         <path>C:\ti\ccsv6\tools\compiler\arm_15.12.3.LTS\lib\</path>
         <kind>archive</kind>
         <file>rtsv7M4_T_le_v4SPD16_eabi.lib</file>
         <name>stkdepth_vars.obj</name>
      </input_file>
      <input_file id="fl-d4">
         <path>C:\ti\ccsv6\tools\compiler\arm_15.12.3.LTS\lib\</path>
         <kind>archive</kind>
         <file>rtsv7M4_T_le_v4SPD16_eabi.lib</file>
         <name>u_divt2.obj</name>
      </input_file>
      <input_file id="fl-d5">
         <path>C:\ti\ccsv6\tools\compiler\arm_15.12.3.LTS\lib\</path>
         <kind>archive</kind>
         <file>rtsv7M4_T_le_v4SPD16_eabi.lib</file>
         <name>_lock.obj</name>
      </input_file>
      <input_file id="fl-d6">
         <path>C:\ti\ccsv6\tools\compiler\arm_15.12.3.LTS\lib\</path>
         <kind>archive</kind>
         <file>rtsv7M4_T_le_v4SPD16_eabi.lib</file>
         <name>args_main.obj</name>
      </input_file>
      <input_file id="fl-d7">
         <path>C:\ti\ccsv6\tools\compiler\arm_15.12.3.LTS\lib\</path>
         <kind>archive</kind>
         <file>rtsv7M4_T_le_v4SPD16_eabi.lib</file>
         <name>autoinit.obj</name>
      </input_file>
      <input_file id="fl-d8">
         <path>C:\ti\ccsv6\tools\compiler\arm_15.12.3.LTS\lib\</path>
         <kind>archive</kind>
         <file>rtsv7M4_T_le_v4SPD16_eabi.lib</file>
         <name>cpy_tbl.obj</name>
      </input_file>
      <input_file id="fl-d9">
         <path>C:\ti\ccsv6\tools\compiler\arm_15.12.3.LTS\lib\</path>
         <kind>archive</kind>
         <file>rtsv7M4_T_le_v4SPD16_eabi.lib</file>
         <name>i_div0.obj</name>
      </input_file>
      <input_file id="fl-da">
         <path>C:\ti\ccsv6\tools\compiler\arm_15.12.3.LTS\lib\</path>
         <kind>archive</kind>
         <file>rtsv7M4_T_le_v4SPD16_eabi.lib</file>
         <name>startup.obj</name>
      </input_file>
      <input_file id="fl-db">
         <path>C:\ti\TivaWare_C_Series-2.1.4.178\driverlib\ccs\Debug\</path>
         <kind>archive</kind>
         <file>driverlib.lib</file>
         <name>sysctl.obj</name>
      </input_file>
      <input_file id="fl-dc">
         <path>C:\ti\TivaWare_C_Series-2.1.4.178\driverlib\ccs\Debug\</path>
         <kind>archive</kind>
         <file>driverlib.lib</file>
         <name>uart.obj</name>
      </input_file>
      <input_file id="fl-dd">
         <path>C:\ti\TivaWare_C_Series-2.1.4.178\driverlib\ccs\Debug\</path>
         <kind>archive</kind>
         <file>driverlib.lib</file>
         <name>cpu.obj</name>
      </input_file>
      <input_file id="fl-de">
         <path>C:\ti\TivaWare_C_Series-2.1.4.178\driverlib\ccs\Debug\</path>
         <kind>archive</kind>
         <file>driverlib.lib</file>
         <name>interrupt.obj</name>
      </input_file>
      <input_file id="fl-df">
         <path>C:\ti\TivaWare_C_Series-2.1.4.178\usblib\ccs\Debug\</path>
         <kind>archive</kind>
         <file>usblib.lib</file>
         <name>usbmode.obj</name>
      </input_file>
      <input_file id="fl-e0">
         <path>C:\ti\TivaWare_C_Series-2.1.4.178\usblib\ccs\Debug\</path>
         <kind>archive</kind>
         <file>usblib.lib</file>
         <name>usbtick.obj</name>
      </input_file>
      <input_file id="fl-e1">
         <path>C:\ti\TivaWare_C_Series-2.1.4.178\usblib\ccs\Debug\</path>
         <kind>archive</kind>
         <file>usblib.lib</file>
         <name>usbhostenum.obj</name>
      </input_file>
      <input_file id="fl-e2">
         <path>C:\ti\TivaWare_C_Series-2.1.4.178\usblib\ccs\Debug\</path>
         <kind>archive</kind>
         <file>usblib.lib</file>
         <name>usbdenum.obj</name>
      </input_file>
      <input_file id="fl-e3">
         <path>C:\ti\TivaWare_C_Series-2.1.4.178\usblib\ccs\Debug\</path>
         <kind>archive</kind>
         <file>usblib.lib</file>
         <name>usbdhandler.obj</name>
      </input_file>
      <input_file id="fl-e4">
         <path>C:\ti\TivaWare_C_Series-2.1.4.178\usblib\ccs\Debug\</path>
         <kind>archive</kind>
         <file>usblib.lib</file>
         <name>usbdhidkeyb.obj</name>
      </input_file>
      <input_file id="fl-e5">
         <path>C:\ti\TivaWare_C_Series-2.1.4.178\usblib\ccs\Debug\</path>
         <kind>archive</kind>
         <file>usblib.lib</file>
         <name>usbdesc.obj</name>
      </input_file>
      <input_file id="fl-e6">
         <path>C:\ti\TivaWare_C_Series-2.1.4.178\usblib\ccs\Debug\</path>
         <kind>archive</kind>
         <file>usblib.lib</file>
         <name>usbdma.obj</name>
      </input_file>
      <input_file id="fl-e7">
         <path>C:\ti\TivaWare_C_Series-2.1.4.178\usblib\ccs\Debug\</path>
         <kind>archive</kind>
         <file>usblib.lib</file>
         <name>usbulpi.obj</name>
      </input_file>
      <input_file id="fl-e8">
         <path>C:\ti\TivaWare_C_Series-2.1.4.178\usblib\ccs\Debug\</path>
         <kind>archive</kind>
         <file>usblib.lib</file>
         <name>usbhhub.obj</name>
      </input_file>
      <input_file id="fl-e9">
         <path>C:\ti\TivaWare_C_Series-2.1.4.178\usblib\ccs\Debug\</path>
         <kind>archive</kind>
         <file>usblib.lib</file>
         <name>usbdcdesc.obj</name>
      </input_file>
      <input_file id="fl-ea">
         <path>C:\ti\TivaWare_C_Series-2.1.4.178\usblib\ccs\Debug\</path>
         <kind>archive</kind>
         <file>usblib.lib</file>
         <name>usbdconfig.obj</name>
      </input_file>
      <input_file id="fl-eb">
         <path>C:\ti\TivaWare_C_Series-2.1.4.178\usblib\ccs\Debug\</path>
         <kind>archive</kind>
         <file>usblib.lib</file>
         <name>usbdhid.obj</name>
      </input_file>
      <input_file id="fl-ec">
         <path>C:\ti\TivaWare_C_Series-2.1.4.178\driverlib\ccs\Debug\</path>
         <kind>archive</kind>
         <file>driverlib.lib</file>
         <name>udma.obj</name>
      </input_file>
      <input_file id="fl-ed">
         <path>C:\ti\TivaWare_C_Series-2.1.4.178\driverlib\ccs\Debug\</path>
         <kind>archive</kind>
         <file>driverlib.lib</file>
         <name>usb.obj</name>
      </input_file>
   </input_file_list>
   <object_component_list>
      <object_component id="oc-f">
         <name>.intvecs</name>
         <load_address>0x0</load_address>
         <run_address>0x0</run_address>
         <size>0x26c</size>
         <input_file_ref idref="fl-8"/>
      </object_component>
      <object_component id="oc-13e">
         <name>.text:main</name>
         <load_address>0x26c</load_address>
         <run_address>0x26c</run_address>
         <size>0xc5c</size>
         <input_file_ref idref="fl-a"/>
      </object_component>
      <object_component id="oc-f9">
         <name>.text:Timer3A_ISR</name>
         <load_address>0xec8</load_address>
         <run_address>0xec8</run_address>
         <size>0x9ec</size>
         <input_file_ref idref="fl-5"/>
      </object_component>
      <object_component id="oc-227">
         <name>.text:proc_init</name>
         <load_address>0x18b4</load_address>
         <run_address>0x18b4</run_address>
         <size>0x4d0</size>
         <input_file_ref idref="fl-9"/>
      </object_component>
      <object_component id="oc-3e5">
         <name>.text:get_cw_asc</name>
         <load_address>0x1d84</load_address>
         <run_address>0x1d84</run_address>
         <size>0x4b8</size>
         <input_file_ref idref="fl-5"/>
      </object_component>
      <object_component id="oc-100">
         <name>.text:Timer3B_ISR</name>
         <load_address>0x223c</load_address>
         <run_address>0x223c</run_address>
         <size>0x310</size>
         <input_file_ref idref="fl-5"/>
      </object_component>
      <object_component id="oc-3f2">
         <name>.text:UARTvprintf</name>
         <load_address>0x254c</load_address>
         <run_address>0x254c</run_address>
         <size>0x30c</size>
         <input_file_ref idref="fl-e"/>
      </object_component>
      <object_component id="oc-300">
         <name>.text:morse_init</name>
         <load_address>0x2858</load_address>
         <run_address>0x2858</run_address>
         <size>0x2e0</size>
         <input_file_ref idref="fl-5"/>
      </object_component>
      <object_component id="oc-25d">
         <name>.text:set_led</name>
         <load_address>0x2b38</load_address>
         <run_address>0x2b38</run_address>
         <size>0x2c0</size>
         <input_file_ref idref="fl-4"/>
      </object_component>
      <object_component id="oc-22d">
         <name>.text:Process_CW</name>
         <load_address>0x2df8</load_address>
         <run_address>0x2df8</run_address>
         <size>0x288</size>
         <input_file_ref idref="fl-5"/>
      </object_component>
      <object_component id="oc-f2">
         <name>.text:Timer2_ISR</name>
         <load_address>0x3080</load_address>
         <run_address>0x3080</run_address>
         <size>0x224</size>
         <input_file_ref idref="fl-4"/>
      </object_component>
      <object_component id="oc-3cd">
         <name>.text:keypad_init</name>
         <load_address>0x32a4</load_address>
         <run_address>0x32a4</run_address>
         <size>0x20c</size>
         <input_file_ref idref="fl-4"/>
      </object_component>
      <object_component id="oc-4f">
         <name>.text:UARTStdioIntHandler</name>
         <load_address>0x34b0</load_address>
         <run_address>0x34b0</run_address>
         <size>0x188</size>
         <input_file_ref idref="fl-e"/>
      </object_component>
      <object_component id="oc-69c">
         <name>.text:USBLibDMAInit</name>
         <load_address>0x3638</load_address>
         <run_address>0x3638</run_address>
         <size>0x160</size>
         <input_file_ref idref="fl-e6"/>
      </object_component>
      <object_component id="oc-544">
         <name>.text:USBDCDInit</name>
         <load_address>0x3798</load_address>
         <run_address>0x3798</run_address>
         <size>0x150</size>
         <input_file_ref idref="fl-e2"/>
      </object_component>
      <object_component id="oc-37f">
         <name>.text:USBDEP0StateTxConfig</name>
         <load_address>0x38e8</load_address>
         <run_address>0x38e8</run_address>
         <size>0x150</size>
         <input_file_ref idref="fl-e2"/>
      </object_component>
      <object_component id="oc-10d">
         <name>.text:USBDeviceIntHandlerInternal</name>
         <load_address>0x3a38</load_address>
         <run_address>0x3a38</run_address>
         <size>0x150</size>
         <input_file_ref idref="fl-e2"/>
      </object_component>
      <object_component id="oc-3d3">
         <name>.text:kp_asc</name>
         <load_address>0x3b88</load_address>
         <run_address>0x3b88</run_address>
         <size>0x14c</size>
         <input_file_ref idref="fl-4"/>
      </object_component>
      <object_component id="oc-6f6">
         <name>.text:USBDeviceConfig</name>
         <load_address>0x3cd4</load_address>
         <run_address>0x3cd4</run_address>
         <size>0x148</size>
         <input_file_ref idref="fl-ea"/>
      </object_component>
      <object_component id="oc-726">
         <name>.text:HandleRequest</name>
         <load_address>0x3e1c</load_address>
         <run_address>0x3e1c</run_address>
         <size>0x114</size>
         <input_file_ref idref="fl-eb"/>
      </object_component>
      <object_component id="oc-811">
         <name>.text:iDMAUSBTransfer</name>
         <load_address>0x3f30</load_address>
         <run_address>0x3f30</run_address>
         <size>0xf4</size>
         <input_file_ref idref="fl-e6"/>
      </object_component>
      <object_component id="oc-251">
         <name>.text:put_cw</name>
         <load_address>0x4024</load_address>
         <run_address>0x4024</run_address>
         <size>0xec</size>
         <input_file_ref idref="fl-5"/>
      </object_component>
      <object_component id="oc-480">
         <name>.text:timer3A_init</name>
         <load_address>0x4110</load_address>
         <run_address>0x4110</run_address>
         <size>0xe8</size>
         <input_file_ref idref="fl-5"/>
      </object_component>
      <object_component id="oc-5d0">
         <name>.text:USBDGetDescriptor</name>
         <load_address>0x41f8</load_address>
         <run_address>0x41f8</run_address>
         <size>0xe4</size>
         <input_file_ref idref="fl-e2"/>
      </object_component>
      <object_component id="oc-486">
         <name>.text:timer3B_init</name>
         <load_address>0x42dc</load_address>
         <run_address>0x42dc</run_address>
         <size>0xe4</size>
         <input_file_ref idref="fl-5"/>
      </object_component>
      <object_component id="oc-52e">
         <name>.text:USBDHIDCompositeInit</name>
         <load_address>0x43c0</load_address>
         <run_address>0x43c0</run_address>
         <size>0xe0</size>
         <input_file_ref idref="fl-eb"/>
      </object_component>
      <object_component id="oc-3ac">
         <name>.text:UARTStdioConfig</name>
         <load_address>0x44a0</load_address>
         <run_address>0x44a0</run_address>
         <size>0xd8</size>
         <input_file_ref idref="fl-e"/>
      </object_component>
      <object_component id="oc-1ed">
         <name>.text:USBDeviceEnumHandler</name>
         <load_address>0x4578</load_address>
         <run_address>0x4578</run_address>
         <size>0xd8</size>
         <input_file_ref idref="fl-e2"/>
      </object_component>
      <object_component id="oc-2ca">
         <name>.text:save_keymap</name>
         <load_address>0x4650</load_address>
         <run_address>0x4650</run_address>
         <size>0xd0</size>
         <input_file_ref idref="fl-4"/>
      </object_component>
      <object_component id="oc-3bd">
         <name>.text:adc_init</name>
         <load_address>0x4720</load_address>
         <run_address>0x4720</run_address>
         <size>0xc4</size>
         <input_file_ref idref="fl-2"/>
      </object_component>
      <object_component id="oc-79f">
         <name>.text:uDMAUSBChannelAllocate</name>
         <load_address>0x47e4</load_address>
         <run_address>0x47e4</run_address>
         <size>0xc4</size>
         <input_file_ref idref="fl-e6"/>
      </object_component>
      <object_component id="oc-d2">
         <name>.text:UARTwrite</name>
         <load_address>0x48a8</load_address>
         <run_address>0x48a8</run_address>
         <size>0xbc</size>
         <input_file_ref idref="fl-e"/>
      </object_component>
      <object_component id="oc-7e1">
         <name>.text:uDMAUSBTransfer</name>
         <load_address>0x4964</load_address>
         <run_address>0x4964</run_address>
         <size>0xbc</size>
         <input_file_ref idref="fl-e6"/>
      </object_component>
      <object_component id="oc-3c3">
         <name>.text:eeprom_init</name>
         <load_address>0x4a20</load_address>
         <run_address>0x4a20</run_address>
         <size>0xb4</size>
         <input_file_ref idref="fl-3"/>
      </object_component>
      <object_component id="oc-534">
         <name>.text:HIDKeyboardRxHandler</name>
         <load_address>0x4ad4</load_address>
         <run_address>0x4ad4</run_address>
         <size>0xa6</size>
         <input_file_ref idref="fl-e4"/>
      </object_component>
      <object_component id="oc-37">
         <name>.text:FaultISR</name>
         <load_address>0x4b7a</load_address>
         <run_address>0x4b7a</run_address>
         <size>0x2</size>
         <input_file_ref idref="fl-8"/>
      </object_component>
      <object_component id="oc-46a">
         <name>.text:eewr</name>
         <load_address>0x4b7c</load_address>
         <run_address>0x4b7c</run_address>
         <size>0xa4</size>
         <input_file_ref idref="fl-3"/>
      </object_component>
      <object_component id="oc-412">
         <name>.text:USBDHIDKeyboardCompositeInit</name>
         <load_address>0x4c20</load_address>
         <run_address>0x4c20</run_address>
         <size>0x9c</size>
         <input_file_ref idref="fl-e4"/>
      </object_component>
      <object_component id="oc-287">
         <name>.text:get_stw_ee</name>
         <load_address>0x4cbc</load_address>
         <run_address>0x4cbc</run_address>
         <size>0x9c</size>
         <input_file_ref idref="fl-5"/>
      </object_component>
      <object_component id="oc-70">
         <name>.text</name>
         <load_address>0x4d58</load_address>
         <run_address>0x4d58</run_address>
         <size>0x9c</size>
         <input_file_ref idref="fl-cf"/>
      </object_component>
      <object_component id="oc-5ee">
         <name>.text:USBDSetInterface</name>
         <load_address>0x4df4</load_address>
         <run_address>0x4df4</run_address>
         <size>0x98</size>
         <input_file_ref idref="fl-e2"/>
      </object_component>
      <object_component id="oc-c6">
         <name>.text:UARTPrimeTransmit</name>
         <load_address>0x4e8c</load_address>
         <run_address>0x4e8c</run_address>
         <size>0x94</size>
         <input_file_ref idref="fl-e"/>
      </object_component>
      <object_component id="oc-5e2">
         <name>.text:USBDSetConfiguration</name>
         <load_address>0x4f20</load_address>
         <run_address>0x4f20</run_address>
         <size>0x90</size>
         <input_file_ref idref="fl-e2"/>
      </object_component>
      <object_component id="oc-bf">
         <name>.text:didah_isr</name>
         <load_address>0x4fb0</load_address>
         <run_address>0x4fb0</run_address>
         <size>0x90</size>
         <input_file_ref idref="fl-5"/>
      </object_component>
      <object_component id="oc-2af">
         <name>.text:set_weight</name>
         <load_address>0x5040</load_address>
         <run_address>0x5040</run_address>
         <size>0x90</size>
         <input_file_ref idref="fl-5"/>
      </object_component>
      <object_component id="oc-30c">
         <name>.text:SendKey</name>
         <load_address>0x50d0</load_address>
         <run_address>0x50d0</run_address>
         <size>0x8c</size>
         <input_file_ref idref="fl-a"/>
      </object_component>
      <object_component id="oc-70a">
         <name>.text:USBDeviceConfigAlternate</name>
         <load_address>0x515c</load_address>
         <run_address>0x515c</run_address>
         <size>0x8c</size>
         <input_file_ref idref="fl-ea"/>
      </object_component>
      <object_component id="oc-456">
         <name>.text:KeyboardHandler</name>
         <load_address>0x51e8</load_address>
         <run_address>0x51e8</run_address>
         <size>0x88</size>
         <input_file_ref idref="fl-a"/>
      </object_component>
      <object_component id="oc-766">
         <name>.text:ProcessIdleTimers</name>
         <load_address>0x5270</load_address>
         <run_address>0x5270</run_address>
         <size>0x88</size>
         <input_file_ref idref="fl-eb"/>
      </object_component>
      <object_component id="oc-491">
         <name>.text:USBDHIDKeyboardKeyStateChange</name>
         <load_address>0x52f8</load_address>
         <run_address>0x52f8</run_address>
         <size>0x86</size>
         <input_file_ref idref="fl-e4"/>
      </object_component>
      <object_component id="oc-3d">
         <name>.text:IntDefaultHandler</name>
         <load_address>0x537e</load_address>
         <run_address>0x537e</run_address>
         <size>0x2</size>
         <input_file_ref idref="fl-8"/>
      </object_component>
      <object_component id="oc-50a">
         <name>.text:decode_elem</name>
         <load_address>0x5380</load_address>
         <run_address>0x5380</run_address>
         <size>0x84</size>
         <input_file_ref idref="fl-5"/>
      </object_component>
      <object_component id="oc-7f3">
         <name>.text:iDMAUSBChannelAllocate</name>
         <load_address>0x5404</load_address>
         <run_address>0x5404</run_address>
         <size>0x84</size>
         <input_file_ref idref="fl-e6"/>
      </object_component>
      <object_component id="oc-8ff">
         <name>.text:uDMAChannelTransferSet</name>
         <load_address>0x5488</load_address>
         <run_address>0x5488</run_address>
         <size>0x84</size>
         <input_file_ref idref="fl-ec"/>
      </object_component>
      <object_component id="oc-5be">
         <name>.text:USBDClearFeature</name>
         <load_address>0x550c</load_address>
         <run_address>0x550c</run_address>
         <size>0x80</size>
         <input_file_ref idref="fl-e2"/>
      </object_component>
      <object_component id="oc-849">
         <name>.text:USBDevEndpointConfigSet</name>
         <load_address>0x558c</load_address>
         <run_address>0x558c</run_address>
         <size>0x7a</size>
         <input_file_ref idref="fl-ed"/>
      </object_component>
      <object_component id="oc-89">
         <name>.text</name>
         <load_address>0x5606</load_address>
         <run_address>0x5606</run_address>
         <size>0x7a</size>
         <input_file_ref idref="fl-d0"/>
      </object_component>
      <object_component id="oc-5b8">
         <name>.text:USBDGetStatus</name>
         <load_address>0x5680</load_address>
         <run_address>0x5680</run_address>
         <size>0x78</size>
         <input_file_ref idref="fl-e2"/>
      </object_component>
      <object_component id="oc-215">
         <name>.text:ConfigureUART</name>
         <load_address>0x56f8</load_address>
         <run_address>0x56f8</run_address>
         <size>0x74</size>
         <input_file_ref idref="fl-a"/>
      </object_component>
      <object_component id="oc-293">
         <name>.text:adc_in</name>
         <load_address>0x576c</load_address>
         <run_address>0x576c</run_address>
         <size>0x74</size>
         <input_file_ref idref="fl-2"/>
      </object_component>
      <object_component id="oc-275">
         <name>.text:blink_led</name>
         <load_address>0x57e0</load_address>
         <run_address>0x57e0</run_address>
         <size>0x74</size>
         <input_file_ref idref="fl-4"/>
      </object_component>
      <object_component id="oc-2d0">
         <name>.text:flash_led</name>
         <load_address>0x5854</load_address>
         <run_address>0x5854</run_address>
         <size>0x74</size>
         <input_file_ref idref="fl-4"/>
      </object_component>
      <object_component id="oc-385">
         <name>.text:USBDEP0StateTx</name>
         <load_address>0x58c8</load_address>
         <run_address>0x58c8</run_address>
         <size>0x70</size>
         <input_file_ref idref="fl-e2"/>
      </object_component>
      <object_component id="oc-a1">
         <name>.text</name>
         <load_address>0x5938</load_address>
         <run_address>0x5938</run_address>
         <size>0x70</size>
         <input_file_ref idref="fl-d7"/>
      </object_component>
      <object_component id="oc-799">
         <name>.text:uDMAUSBArbSizeSet</name>
         <load_address>0x59a8</load_address>
         <run_address>0x59a8</run_address>
         <size>0x70</size>
         <input_file_ref idref="fl-e6"/>
      </object_component>
      <object_component id="oc-7e7">
         <name>.text:uDMAUSBUnitSizeSet</name>
         <load_address>0x5a18</load_address>
         <run_address>0x5a18</run_address>
         <size>0x70</size>
         <input_file_ref idref="fl-e6"/>
      </object_component>
      <object_component id="oc-5c4">
         <name>.text:USBDSetFeature</name>
         <load_address>0x5a88</load_address>
         <run_address>0x5a88</run_address>
         <size>0x6c</size>
         <input_file_ref idref="fl-e2"/>
      </object_component>
      <object_component id="oc-239">
         <name>.text:dispSWvers</name>
         <load_address>0x5af4</load_address>
         <run_address>0x5af4</run_address>
         <size>0x6c</size>
         <input_file_ref idref="fl-c"/>
      </object_component>
      <object_component id="oc-2e2">
         <name>.text:put_cw_text</name>
         <load_address>0x5b60</load_address>
         <run_address>0x5b60</run_address>
         <size>0x6c</size>
         <input_file_ref idref="fl-5"/>
      </object_component>
      <object_component id="oc-7c">
         <name>.text</name>
         <load_address>0x5bcc</load_address>
         <run_address>0x5bcc</run_address>
         <size>0x6a</size>
         <input_file_ref idref="fl-cc"/>
      </object_component>
      <object_component id="oc-31">
         <name>.text:NmiSR</name>
         <load_address>0x5c36</load_address>
         <run_address>0x5c36</run_address>
         <size>0x2</size>
         <input_file_ref idref="fl-8"/>
      </object_component>
      <object_component id="oc-8d8">
         <name>.text:IntDisable</name>
         <load_address>0x5c38</load_address>
         <run_address>0x5c38</run_address>
         <size>0x68</size>
         <input_file_ref idref="fl-de"/>
      </object_component>
      <object_component id="oc-6b4">
         <name>.text:IntEnable</name>
         <load_address>0x5ca0</load_address>
         <run_address>0x5ca0</run_address>
         <size>0x68</size>
         <input_file_ref idref="fl-de"/>
      </object_component>
      <object_component id="oc-720">
         <name>.text:HandleGetDescriptor</name>
         <load_address>0x5d08</load_address>
         <run_address>0x5d08</run_address>
         <size>0x64</size>
         <input_file_ref idref="fl-eb"/>
      </object_component>
      <object_component id="oc-8d2">
         <name>.text:IntIsEnabled</name>
         <load_address>0x5d6c</load_address>
         <run_address>0x5d6c</run_address>
         <size>0x64</size>
         <input_file_ref idref="fl-de"/>
      </object_component>
      <object_component id="oc-7ab">
         <name>.text:uDMAUSBChannelEnable</name>
         <load_address>0x5dd0</load_address>
         <run_address>0x5dd0</run_address>
         <size>0x64</size>
         <input_file_ref idref="fl-e6"/>
      </object_component>
      <object_component id="oc-75c">
         <name>.text:HandleDevice</name>
         <load_address>0x5e34</load_address>
         <run_address>0x5e34</run_address>
         <size>0x60</size>
         <input_file_ref idref="fl-eb"/>
      </object_component>
      <object_component id="oc-894">
         <name>.text:ProcessDataFromHost</name>
         <load_address>0x5e94</load_address>
         <run_address>0x5e94</run_address>
         <size>0x60</size>
         <input_file_ref idref="fl-eb"/>
      </object_component>
      <object_component id="oc-379">
         <name>.text:USBDReadAndDispatchRequest</name>
         <load_address>0x5ef4</load_address>
         <run_address>0x5ef4</run_address>
         <size>0x60</size>
         <input_file_ref idref="fl-e2"/>
      </object_component>
      <object_component id="oc-361">
         <name>.text:USBDevEndpointStatusClear</name>
         <load_address>0x5f54</load_address>
         <run_address>0x5f54</run_address>
         <size>0x5e</size>
         <input_file_ref idref="fl-ed"/>
      </object_component>
      <object_component id="oc-86d">
         <name>.text:FindHIDDescriptor</name>
         <load_address>0x5fb2</load_address>
         <run_address>0x5fb2</run_address>
         <size>0x5c</size>
         <input_file_ref idref="fl-eb"/>
      </object_component>
      <object_component id="oc-7ed">
         <name>.text:iDMAUSBArbSizeSet</name>
         <load_address>0x600e</load_address>
         <run_address>0x600e</run_address>
         <size>0x2</size>
         <input_file_ref idref="fl-e6"/>
      </object_component>
      <object_component id="oc-497">
         <name>.text:WaitForSendIdle</name>
         <load_address>0x6010</load_address>
         <run_address>0x6010</run_address>
         <size>0x58</size>
         <input_file_ref idref="fl-a"/>
      </object_component>
      <object_component id="oc-424">
         <name>.text:lookup_elem</name>
         <load_address>0x6068</load_address>
         <run_address>0x6068</run_address>
         <size>0x58</size>
         <input_file_ref idref="fl-5"/>
      </object_component>
      <object_component id="oc-2a9">
         <name>.text:set_speed</name>
         <load_address>0x60c0</load_address>
         <run_address>0x60c0</run_address>
         <size>0x58</size>
         <input_file_ref idref="fl-5"/>
      </object_component>
      <object_component id="oc-58e">
         <name>.text:RemoveKeyFromPressedList</name>
         <load_address>0x6118</load_address>
         <run_address>0x6118</run_address>
         <size>0x56</size>
         <input_file_ref idref="fl-e4"/>
      </object_component>
      <object_component id="oc-7bd">
         <name>.text:uDMAUSBChannelRelease</name>
         <load_address>0x616e</load_address>
         <run_address>0x616e</run_address>
         <size>0x56</size>
         <input_file_ref idref="fl-e6"/>
      </object_component>
      <object_component id="oc-89a">
         <name>.text:ProcessDataToHost</name>
         <load_address>0x61c4</load_address>
         <run_address>0x61c4</run_address>
         <size>0x54</size>
         <input_file_ref idref="fl-eb"/>
      </object_component>
      <object_component id="oc-3df">
         <name>.text:get_cwdr</name>
         <load_address>0x6218</load_address>
         <run_address>0x6218</run_address>
         <size>0x54</size>
         <input_file_ref idref="fl-5"/>
      </object_component>
      <object_component id="oc-221">
         <name>.text:init_stw</name>
         <load_address>0x626c</load_address>
         <run_address>0x626c</run_address>
         <size>0x54</size>
         <input_file_ref idref="fl-5"/>
      </object_component>
      <object_component id="oc-24">
         <name>.text</name>
         <load_address>0x62c0</load_address>
         <run_address>0x62c0</run_address>
         <size>0x54</size>
         <input_file_ref idref="fl-ca"/>
      </object_component>
      <object_component id="oc-ad">
         <name>.text</name>
         <load_address>0x6314</load_address>
         <run_address>0x6314</run_address>
         <size>0x54</size>
         <input_file_ref idref="fl-ce"/>
      </object_component>
      <object_component id="oc-672">
         <name>.text:ULPIConfigSet</name>
         <load_address>0x6368</load_address>
         <run_address>0x6368</run_address>
         <size>0x52</size>
         <input_file_ref idref="fl-e7"/>
      </object_component>
      <object_component id="oc-829">
         <name>.text:iDMAUSBUnitSizeSet</name>
         <load_address>0x63ba</load_address>
         <run_address>0x63ba</run_address>
         <size>0x2</size>
         <input_file_ref idref="fl-e6"/>
      </object_component>
      <object_component id="oc-654">
         <name>.text:SysCtlPeripheralReset</name>
         <load_address>0x63bc</load_address>
         <run_address>0x63bc</run_address>
         <size>0x50</size>
         <input_file_ref idref="fl-db"/>
      </object_component>
      <object_component id="oc-83d">
         <name>.text:USBDCDConfigDescGet</name>
         <load_address>0x640c</load_address>
         <run_address>0x640c</run_address>
         <size>0x50</size>
         <input_file_ref idref="fl-e9"/>
      </object_component>
      <object_component id="oc-1cf">
         <name>.text:USBDeviceResumeTickHandler</name>
         <load_address>0x645c</load_address>
         <run_address>0x645c</run_address>
         <size>0x50</size>
         <input_file_ref idref="fl-e2"/>
      </object_component>
      <object_component id="oc-843">
         <name>.text:GetEPDescriptorType</name>
         <load_address>0x64ac</load_address>
         <run_address>0x64ac</run_address>
         <size>0x4c</size>
         <input_file_ref idref="fl-ea"/>
      </object_component>
      <object_component id="oc-4e3">
         <name>.text:UARTFlushTx</name>
         <load_address>0x64f8</load_address>
         <run_address>0x64f8</run_address>
         <size>0x4c</size>
         <input_file_ref idref="fl-e"/>
      </object_component>
      <object_component id="oc-6ed">
         <name>.text:USBDStringIndexFromRequest</name>
         <load_address>0x6544</load_address>
         <run_address>0x6544</run_address>
         <size>0x4c</size>
         <input_file_ref idref="fl-e2"/>
      </object_component>
      <object_component id="oc-90b">
         <name>.text:USBEndpointDMAConfigSet</name>
         <load_address>0x6590</load_address>
         <run_address>0x6590</run_address>
         <size>0x4c</size>
         <input_file_ref idref="fl-ed"/>
      </object_component>
      <object_component id="oc-44b">
         <name>.text:eerd</name>
         <load_address>0x65dc</load_address>
         <run_address>0x65dc</run_address>
         <size>0x4c</size>
         <input_file_ref idref="fl-3"/>
      </object_component>
      <object_component id="oc-81d">
         <name>.text:iDMAUSBChannelEnable</name>
         <load_address>0x6628</load_address>
         <run_address>0x6628</run_address>
         <size>0x4c</size>
         <input_file_ref idref="fl-e6"/>
      </object_component>
      <object_component id="oc-130">
         <name>.text</name>
         <load_address>0x6674</load_address>
         <run_address>0x6674</run_address>
         <size>0x4c</size>
         <input_file_ref idref="fl-d8"/>
      </object_component>
      <object_component id="oc-2e8">
         <name>.text:store_keycode</name>
         <load_address>0x66c0</load_address>
         <run_address>0x66c0</run_address>
         <size>0x4c</size>
         <input_file_ref idref="fl-4"/>
      </object_component>
      <object_component id="oc-312">
         <name>.text:swap_paddle</name>
         <load_address>0x670c</load_address>
         <run_address>0x670c</run_address>
         <size>0x4c</size>
         <input_file_ref idref="fl-5"/>
      </object_component>
      <object_component id="oc-864">
         <name>.text:ConfigAlternateInterfaceGet</name>
         <load_address>0x6758</load_address>
         <run_address>0x6758</run_address>
         <size>0x4a</size>
         <input_file_ref idref="fl-e9"/>
      </object_component>
      <object_component id="oc-5a0">
         <name>.text:USBDHIDReportWrite</name>
         <load_address>0x67a2</load_address>
         <run_address>0x67a2</run_address>
         <size>0x4a</size>
         <input_file_ref idref="fl-eb"/>
      </object_component>
      <object_component id="oc-6e4">
         <name>.text:USBDevEndpointStallClear</name>
         <load_address>0x67ec</load_address>
         <run_address>0x67ec</run_address>
         <size>0x4a</size>
         <input_file_ref idref="fl-ed"/>
      </object_component>
      <object_component id="oc-7a5">
         <name>.text:uDMAUSBChannelDisable</name>
         <load_address>0x6836</load_address>
         <run_address>0x6836</run_address>
         <size>0x4a</size>
         <input_file_ref idref="fl-e6"/>
      </object_component>
      <object_component id="oc-886">
         <name>.text:SetIdleTimeout</name>
         <load_address>0x6880</load_address>
         <run_address>0x6880</run_address>
         <size>0x48</size>
         <input_file_ref idref="fl-eb"/>
      </object_component>
      <object_component id="oc-1c9">
         <name>.text:USBDeviceEnumResetHandler</name>
         <load_address>0x68c8</load_address>
         <run_address>0x68c8</run_address>
         <size>0x48</size>
         <input_file_ref idref="fl-e2"/>
      </object_component>
      <object_component id="oc-3d9">
         <name>.text:get_cwstat</name>
         <load_address>0x6910</load_address>
         <run_address>0x6910</run_address>
         <size>0x48</size>
         <input_file_ref idref="fl-5"/>
      </object_component>
      <object_component id="oc-26f">
         <name>.text:get_key</name>
         <load_address>0x6958</load_address>
         <run_address>0x6958</run_address>
         <size>0x48</size>
         <input_file_ref idref="fl-4"/>
      </object_component>
      <object_component id="oc-2f4">
         <name>.text:get_paddle_mode_strap</name>
         <load_address>0x69a0</load_address>
         <run_address>0x69a0</run_address>
         <size>0x48</size>
         <input_file_ref idref="fl-5"/>
      </object_component>
      <object_component id="oc-269">
         <name>.text:getchar_cw</name>
         <load_address>0x69e8</load_address>
         <run_address>0x69e8</run_address>
         <size>0x48</size>
         <input_file_ref idref="fl-5"/>
      </object_component>
      <object_component id="oc-8be">
         <name>.text:uDMAChannelAttributeDisable</name>
         <load_address>0x6a30</load_address>
         <run_address>0x6a30</run_address>
         <size>0x48</size>
         <input_file_ref idref="fl-ec"/>
      </object_component>
      <object_component id="oc-36d">
         <name>.text:USBEndpointDataGet</name>
         <load_address>0x6a78</load_address>
         <run_address>0x6a78</run_address>
         <size>0x46</size>
         <input_file_ref idref="fl-ed"/>
      </object_component>
      <object_component id="oc-60e">
         <name>.text</name>
         <load_address>0x6abe</load_address>
         <run_address>0x6abe</run_address>
         <size>0x2</size>
         <input_file_ref idref="fl-d9"/>
      </object_component>
      <object_component id="oc-625">
         <name>.text:USBDCDDeviceInfoInit</name>
         <load_address>0x6ac0</load_address>
         <run_address>0x6ac0</run_address>
         <size>0x44</size>
         <input_file_ref idref="fl-e2"/>
      </object_component>
      <object_component id="oc-5e8">
         <name>.text:USBDGetInterface</name>
         <load_address>0x6b04</load_address>
         <run_address>0x6b04</run_address>
         <size>0x44</size>
         <input_file_ref idref="fl-e2"/>
      </object_component>
      <object_component id="oc-2ee">
         <name>.text:store_stw_ee</name>
         <load_address>0x6b48</load_address>
         <run_address>0x6b48</run_address>
         <size>0x44</size>
         <input_file_ref idref="fl-5"/>
      </object_component>
      <object_component id="oc-4f9">
         <name>.text:wait_reg0</name>
         <load_address>0x6b8c</load_address>
         <run_address>0x6b8c</run_address>
         <size>0x44</size>
         <input_file_ref idref="fl-4"/>
      </object_component>
      <object_component id="oc-6da">
         <name>.text:ScheduleReportTransmission</name>
         <load_address>0x6bd0</load_address>
         <run_address>0x6bd0</run_address>
         <size>0x40</size>
         <input_file_ref idref="fl-eb"/>
      </object_component>
      <object_component id="oc-511">
         <name>.text</name>
         <load_address>0x6c10</load_address>
         <run_address>0x6c10</run_address>
         <size>0x40</size>
         <input_file_ref idref="fl-d4"/>
      </object_component>
      <object_component id="oc-53a">
         <name>.text:HIDKeyboardTxHandler</name>
         <load_address>0x6c50</load_address>
         <run_address>0x6c50</run_address>
         <size>0x3e</size>
         <input_file_ref idref="fl-e4"/>
      </object_component>
      <object_component id="oc-d8">
         <name>.text:IsBufferFull</name>
         <load_address>0x6c8e</load_address>
         <run_address>0x6c8e</run_address>
         <size>0x3c</size>
         <input_file_ref idref="fl-e"/>
      </object_component>
      <object_component id="oc-95">
         <name>.text</name>
         <load_address>0x6cca</load_address>
         <run_address>0x6cca</run_address>
         <size>0x2</size>
         <input_file_ref idref="fl-d1"/>
      </object_component>
      <object_component id="oc-5a8">
         <name>.text:USBDCDRemoteWakeupRequest</name>
         <load_address>0x6ccc</load_address>
         <run_address>0x6ccc</run_address>
         <size>0x3c</size>
         <input_file_ref idref="fl-e2"/>
      </object_component>
      <object_component id="oc-817">
         <name>.text:iDMAUSBChannelRelease</name>
         <load_address>0x6d08</load_address>
         <run_address>0x6d08</run_address>
         <size>0x3c</size>
         <input_file_ref idref="fl-e6"/>
      </object_component>
      <object_component id="oc-2a3">
         <name>.text:set_tone</name>
         <load_address>0x6d44</load_address>
         <run_address>0x6d44</run_address>
         <size>0x3c</size>
         <input_file_ref idref="fl-5"/>
      </object_component>
      <object_component id="oc-855">
         <name>.text:USBFIFOConfigSet</name>
         <load_address>0x6d80</load_address>
         <run_address>0x6d80</run_address>
         <size>0x3a</size>
         <input_file_ref idref="fl-ed"/>
      </object_component>
      <object_component id="oc-136">
         <name>.text</name>
         <load_address>0x6dba</load_address>
         <run_address>0x6dba</run_address>
         <size>0x2</size>
         <input_file_ref idref="fl-da"/>
      </object_component>
      <object_component id="oc-637">
         <name>.text:InternalUSBRegisterTickHandler</name>
         <load_address>0x6dbc</load_address>
         <run_address>0x6dbc</run_address>
         <size>0x38</size>
         <input_file_ref idref="fl-e0"/>
      </object_component>
      <object_component id="oc-1d5">
         <name>.text:InternalUSBStartOfFrameTick</name>
         <load_address>0x6df4</load_address>
         <run_address>0x6df4</run_address>
         <size>0x38</size>
         <input_file_ref idref="fl-e0"/>
      </object_component>
      <object_component id="oc-61f">
         <name>.text:USBDCDConfigGetInterfaceEndpoint</name>
         <load_address>0x6e2c</load_address>
         <run_address>0x6e2c</run_address>
         <size>0x38</size>
         <input_file_ref idref="fl-e9"/>
      </object_component>
      <object_component id="oc-107">
         <name>.text:USBIntStatusControl</name>
         <load_address>0x6e64</load_address>
         <run_address>0x6e64</run_address>
         <size>0x38</size>
         <input_file_ref idref="fl-ed"/>
      </object_component>
      <object_component id="oc-756">
         <name>.text:HandleEndpoints</name>
         <load_address>0x6e9c</load_address>
         <run_address>0x6e9c</run_address>
         <size>0x36</size>
         <input_file_ref idref="fl-eb"/>
      </object_component>
      <object_component id="oc-4cd">
         <name>.text:USBEndpointDataPut</name>
         <load_address>0x6ed2</load_address>
         <run_address>0x6ed2</run_address>
         <size>0x36</size>
         <input_file_ref idref="fl-ed"/>
      </object_component>
      <object_component id="oc-643">
         <name>.text:HIDTickHandler</name>
         <load_address>0x6f08</load_address>
         <run_address>0x6f08</run_address>
         <size>0x34</size>
         <input_file_ref idref="fl-eb"/>
      </object_component>
      <object_component id="oc-65a">
         <name>.text:SysCtlPeripheralEnable</name>
         <load_address>0x6f3c</load_address>
         <run_address>0x6f3c</run_address>
         <size>0x34</size>
         <input_file_ref idref="fl-db"/>
      </object_component>
      <object_component id="oc-4dd">
         <name>.text:UARTFlushRx</name>
         <load_address>0x6f70</load_address>
         <run_address>0x6f70</run_address>
         <size>0x34</size>
         <input_file_ref idref="fl-e"/>
      </object_component>
      <object_component id="oc-4d3">
         <name>.text:USBEndpointDataSend</name>
         <load_address>0x6fa4</load_address>
         <run_address>0x6fa4</run_address>
         <size>0x34</size>
         <input_file_ref idref="fl-ed"/>
      </object_component>
      <object_component id="oc-7f9">
         <name>.text:iDMAUSBChannelStatus</name>
         <load_address>0x6fd8</load_address>
         <run_address>0x6fd8</run_address>
         <size>0x34</size>
         <input_file_ref idref="fl-e6"/>
      </object_component>
      <object_component id="oc-6d4">
         <name>.text:ClearReportTimer</name>
         <load_address>0x700c</load_address>
         <run_address>0x700c</run_address>
         <size>0x32</size>
         <input_file_ref idref="fl-eb"/>
      </object_component>
      <object_component id="oc-72c">
         <name>.text:HandleConfigChange</name>
         <load_address>0x703e</load_address>
         <run_address>0x703e</run_address>
         <size>0x32</size>
         <input_file_ref idref="fl-eb"/>
      </object_component>
      <object_component id="oc-715">
         <name>.text:NextConfigDescGet</name>
         <load_address>0x7070</load_address>
         <run_address>0x7070</run_address>
         <size>0x32</size>
         <input_file_ref idref="fl-e9"/>
      </object_component>
      <object_component id="oc-5af">
         <name>.text:USBDevEndpointStall</name>
         <load_address>0x70a2</load_address>
         <run_address>0x70a2</run_address>
         <size>0x32</size>
         <input_file_ref idref="fl-ed"/>
      </object_component>
      <object_component id="oc-823">
         <name>.text:iDMAUSBChannelDisable</name>
         <load_address>0x70d4</load_address>
         <run_address>0x70d4</run_address>
         <size>0x32</size>
         <input_file_ref idref="fl-e6"/>
      </object_component>
      <object_component id="oc-594">
         <name>.text:AddKeyToPressedList</name>
         <load_address>0x7106</load_address>
         <run_address>0x7106</run_address>
         <size>0x30</size>
         <input_file_ref idref="fl-e4"/>
      </object_component>
      <object_component id="oc-7c9">
         <name>.text:DMAUSBIntHandler</name>
         <load_address>0x7136</load_address>
         <run_address>0x7136</run_address>
         <size>0x30</size>
         <input_file_ref idref="fl-e6"/>
      </object_component>
      <object_component id="oc-7b7">
         <name>.text:uDMAUSBChannelIntDisable</name>
         <load_address>0x7166</load_address>
         <run_address>0x7166</run_address>
         <size>0x2</size>
         <input_file_ref idref="fl-e6"/>
      </object_component>
      <object_component id="oc-631">
         <name>.text:InternalUSBTickInit</name>
         <load_address>0x7168</load_address>
         <run_address>0x7168</run_address>
         <size>0x30</size>
         <input_file_ref idref="fl-e0"/>
      </object_component>
      <object_component id="oc-5dc">
         <name>.text:USBDGetConfiguration</name>
         <load_address>0x7198</load_address>
         <run_address>0x7198</run_address>
         <size>0x30</size>
         <input_file_ref idref="fl-e2"/>
      </object_component>
      <object_component id="oc-245">
         <name>.text:USBDHIDKeyboardInit</name>
         <load_address>0x71c8</load_address>
         <run_address>0x71c8</run_address>
         <size>0x30</size>
         <input_file_ref idref="fl-e4"/>
      </object_component>
      <object_component id="oc-cc">
         <name>.text:IsBufferEmpty</name>
         <load_address>0x71f8</load_address>
         <run_address>0x71f8</run_address>
         <size>0x2c</size>
         <input_file_ref idref="fl-e"/>
      </object_component>
      <object_component id="oc-95a">
         <name>.text:USBDescGet</name>
         <load_address>0x7224</load_address>
         <run_address>0x7224</run_address>
         <size>0x2c</size>
         <input_file_ref idref="fl-e5"/>
      </object_component>
      <object_component id="oc-2b8">
         <name>.text:got_key</name>
         <load_address>0x7250</load_address>
         <run_address>0x7250</run_address>
         <size>0x2c</size>
         <input_file_ref idref="fl-4"/>
      </object_component>
      <object_component id="oc-7cf">
         <name>.text:uDMAUSBIntStatus</name>
         <load_address>0x727c</load_address>
         <run_address>0x727c</run_address>
         <size>0x2c</size>
         <input_file_ref idref="fl-e6"/>
      </object_component>
      <object_component id="oc-6fe">
         <name>.text:USBDCDConfigDescGetNum</name>
         <load_address>0x72a8</load_address>
         <run_address>0x72a8</run_address>
         <size>0x2a</size>
         <input_file_ref idref="fl-e9"/>
      </object_component>
      <object_component id="oc-85d">
         <name>.text:USBDescGetNum</name>
         <load_address>0x72d2</load_address>
         <run_address>0x72d2</run_address>
         <size>0x2a</size>
         <input_file_ref idref="fl-e5"/>
      </object_component>
      <object_component id="oc-373">
         <name>.text:USBDevEndpointDataAck</name>
         <load_address>0x72fc</load_address>
         <run_address>0x72fc</run_address>
         <size>0x2a</size>
         <input_file_ref idref="fl-ed"/>
      </object_component>
      <object_component id="oc-880">
         <name>.text:GetIdleTimeout</name>
         <load_address>0x7326</load_address>
         <run_address>0x7326</run_address>
         <size>0x28</size>
         <input_file_ref idref="fl-eb"/>
      </object_component>
      <object_component id="oc-732">
         <name>.text:HandleEP0DataReceived</name>
         <load_address>0x734e</load_address>
         <run_address>0x734e</run_address>
         <size>0x28</size>
         <input_file_ref idref="fl-eb"/>
      </object_component>
      <object_component id="oc-7b1">
         <name>.text:uDMAUSBChannelIntEnable</name>
         <load_address>0x7376</load_address>
         <run_address>0x7376</run_address>
         <size>0x2</size>
         <input_file_ref idref="fl-e6"/>
      </object_component>
      <object_component id="oc-5ca">
         <name>.text:USBDSetAddress</name>
         <load_address>0x7378</load_address>
         <run_address>0x7378</run_address>
         <size>0x28</size>
         <input_file_ref idref="fl-e2"/>
      </object_component>
      <object_component id="oc-6a2">
         <name>.text:USBIntEnableControl</name>
         <load_address>0x73a0</load_address>
         <run_address>0x73a0</run_address>
         <size>0x28</size>
         <input_file_ref idref="fl-ed"/>
      </object_component>
      <object_component id="oc-8f0">
         <name>.text:uDMAChannelModeGet</name>
         <load_address>0x73c8</load_address>
         <run_address>0x73c8</run_address>
         <size>0x28</size>
         <input_file_ref idref="fl-ec"/>
      </object_component>
      <object_component id="oc-418">
         <name>.text:USBDHIDInit</name>
         <load_address>0x73f0</load_address>
         <run_address>0x73f0</run_address>
         <size>0x26</size>
         <input_file_ref idref="fl-eb"/>
      </object_component>
      <object_component id="oc-233">
         <name>.text:UARTprintf</name>
         <load_address>0x7416</load_address>
         <run_address>0x7416</run_address>
         <size>0x24</size>
         <input_file_ref idref="fl-e"/>
      </object_component>
      <object_component id="oc-8c4">
         <name>.text:USBEndpointDMADisable</name>
         <load_address>0x743a</load_address>
         <run_address>0x743a</run_address>
         <size>0x24</size>
         <input_file_ref idref="fl-ed"/>
      </object_component>
      <object_component id="oc-8de">
         <name>.text:USBEndpointDMAEnable</name>
         <load_address>0x745e</load_address>
         <run_address>0x745e</run_address>
         <size>0x24</size>
         <input_file_ref idref="fl-ed"/>
      </object_component>
      <object_component id="oc-23f">
         <name>.text:USBStackModeSet</name>
         <load_address>0x7484</load_address>
         <run_address>0x7484</run_address>
         <size>0x24</size>
         <input_file_ref idref="fl-df"/>
      </object_component>
      <object_component id="oc-28d">
         <name>.text:get_pace_flag</name>
         <load_address>0x74a8</load_address>
         <run_address>0x74a8</run_address>
         <size>0x24</size>
         <input_file_ref idref="fl-4"/>
      </object_component>
      <object_component id="oc-257">
         <name>.text:set_iambic_mode</name>
         <load_address>0x74cc</load_address>
         <run_address>0x74cc</run_address>
         <size>0x24</size>
         <input_file_ref idref="fl-5"/>
      </object_component>
      <object_component id="oc-27b">
         <name>.text:set_kpalt</name>
         <load_address>0x74f0</load_address>
         <run_address>0x74f0</run_address>
         <size>0x24</size>
         <input_file_ref idref="fl-4"/>
      </object_component>
      <object_component id="oc-8b1">
         <name>.text:uDMAChannelControlSet</name>
         <load_address>0x7514</load_address>
         <run_address>0x7514</run_address>
         <size>0x24</size>
         <input_file_ref idref="fl-ec"/>
      </object_component>
      <object_component id="oc-750">
         <name>.text:HandleDisconnect</name>
         <load_address>0x7538</load_address>
         <run_address>0x7538</run_address>
         <size>0x22</size>
         <input_file_ref idref="fl-eb"/>
      </object_component>
      <object_component id="oc-7c3">
         <name>.text:uDMAUSBChannelStatus</name>
         <load_address>0x755a</load_address>
         <run_address>0x755a</run_address>
         <size>0x22</size>
         <input_file_ref idref="fl-e6"/>
      </object_component>
      <object_component id="oc-84f">
         <name>.text:GetEndpointFIFOSize</name>
         <load_address>0x757c</load_address>
         <run_address>0x757c</run_address>
         <size>0x20</size>
         <input_file_ref idref="fl-ea"/>
      </object_component>
      <object_component id="oc-738">
         <name>.text:HandleEP0DataSent</name>
         <load_address>0x759c</load_address>
         <run_address>0x759c</run_address>
         <size>0x20</size>
         <input_file_ref idref="fl-eb"/>
      </object_component>
      <object_component id="oc-77c">
         <name>.text:USBULPIRegRead</name>
         <load_address>0x75bc</load_address>
         <run_address>0x75bc</run_address>
         <size>0x1e</size>
         <input_file_ref idref="fl-ed"/>
      </object_component>
      <object_component id="oc-782">
         <name>.text:USBULPIRegWrite</name>
         <load_address>0x75da</load_address>
         <run_address>0x75da</run_address>
         <size>0x1e</size>
         <input_file_ref idref="fl-ed"/>
      </object_component>
      <object_component id="oc-21b">
         <name>.text:SysCtlGPIOAHBEnable</name>
         <load_address>0x75f8</load_address>
         <run_address>0x75f8</run_address>
         <size>0x1c</size>
         <input_file_ref idref="fl-db"/>
      </object_component>
      <object_component id="oc-704">
         <name>.text:USBDCDConfigGetInterface</name>
         <load_address>0x7614</load_address>
         <run_address>0x7614</run_address>
         <size>0x1c</size>
         <input_file_ref idref="fl-e9"/>
      </object_component>
      <object_component id="oc-4ba">
         <name>.text:USBDCDStallEP0</name>
         <load_address>0x7630</load_address>
         <run_address>0x7630</run_address>
         <size>0x1c</size>
         <input_file_ref idref="fl-e2"/>
      </object_component>
      <object_component id="oc-76c">
         <name>.text:USBEndpointDataAvail</name>
         <load_address>0x764c</load_address>
         <run_address>0x764c</run_address>
         <size>0x1c</size>
         <input_file_ref idref="fl-ed"/>
      </object_component>
      <object_component id="oc-62b">
         <name>.text:ClearIdleTimers</name>
         <load_address>0x7668</load_address>
         <run_address>0x7668</run_address>
         <size>0x1a</size>
         <input_file_ref idref="fl-eb"/>
      </object_component>
      <object_component id="oc-4c7">
         <name>.text:USBDCDConfigDescGetSize</name>
         <load_address>0x7682</load_address>
         <run_address>0x7682</run_address>
         <size>0x1a</size>
         <input_file_ref idref="fl-e9"/>
      </object_component>
      <object_component id="oc-8b8">
         <name>.text:USBEndpointDMAChannel</name>
         <load_address>0x769c</load_address>
         <run_address>0x769c</run_address>
         <size>0x1a</size>
         <input_file_ref idref="fl-ed"/>
      </object_component>
      <object_component id="oc-2dc">
         <name>.text:get_userps</name>
         <load_address>0x76b6</load_address>
         <run_address>0x76b6</run_address>
         <size>0x1a</size>
         <input_file_ref idref="fl-4"/>
      </object_component>
      <object_component id="oc-8a2">
         <name>.text:SetDeferredOpFlag</name>
         <load_address>0x76d0</load_address>
         <run_address>0x76d0</run_address>
         <size>0x18</size>
         <input_file_ref idref="fl-eb"/>
      </object_component>
      <object_component id="oc-67">
         <name>.text:USB0DeviceIntHandler</name>
         <load_address>0x76e8</load_address>
         <run_address>0x76e8</run_address>
         <size>0x18</size>
         <input_file_ref idref="fl-e3"/>
      </object_component>
      <object_component id="oc-5d6">
         <name>.text:USBDSetDescriptor</name>
         <load_address>0x7700</load_address>
         <run_address>0x7700</run_address>
         <size>0x18</size>
         <input_file_ref idref="fl-e2"/>
      </object_component>
      <object_component id="oc-5f4">
         <name>.text:USBDSyncFrame</name>
         <load_address>0x7718</load_address>
         <run_address>0x7718</run_address>
         <size>0x18</size>
         <input_file_ref idref="fl-e2"/>
      </object_component>
      <object_component id="oc-2fa">
         <name>.text:paddle_force_set</name>
         <load_address>0x7730</load_address>
         <run_address>0x7730</run_address>
         <size>0x18</size>
         <input_file_ref idref="fl-5"/>
      </object_component>
      <object_component id="oc-a7">
         <name>.text</name>
         <load_address>0x7748</load_address>
         <run_address>0x7748</run_address>
         <size>0x18</size>
         <input_file_ref idref="fl-d6"/>
      </object_component>
      <object_component id="oc-3b5">
         <name>.text:set_ramp_rate</name>
         <load_address>0x7760</load_address>
         <run_address>0x7760</run_address>
         <size>0x18</size>
         <input_file_ref idref="fl-5"/>
      </object_component>
      <object_component id="oc-8cb">
         <name>.text:uDMAChannelDisable</name>
         <load_address>0x7778</load_address>
         <run_address>0x7778</run_address>
         <size>0x18</size>
         <input_file_ref idref="fl-ec"/>
      </object_component>
      <object_component id="oc-8e4">
         <name>.text:uDMAChannelEnable</name>
         <load_address>0x7790</load_address>
         <run_address>0x7790</run_address>
         <size>0x18</size>
         <input_file_ref idref="fl-ec"/>
      </object_component>
      <object_component id="oc-6a8">
         <name>.text:USBIntEnableEndpoint</name>
         <load_address>0x77a8</load_address>
         <run_address>0x77a8</run_address>
         <size>0x16</size>
         <input_file_ref idref="fl-ed"/>
      </object_component>
      <object_component id="oc-660">
         <name>.text:SysCtlUSBPLLEnable</name>
         <load_address>0x77c0</load_address>
         <run_address>0x77c0</run_address>
         <size>0x14</size>
         <input_file_ref idref="fl-db"/>
      </object_component>
      <object_component id="oc-87a">
         <name>.text:USBDCDRequestDataEP0</name>
         <load_address>0x77d4</load_address>
         <run_address>0x77d4</run_address>
         <size>0x14</size>
         <input_file_ref idref="fl-e2"/>
      </object_component>
      <object_component id="oc-873">
         <name>.text:USBDCDSendDataEP0</name>
         <load_address>0x77e8</load_address>
         <run_address>0x77e8</run_address>
         <size>0x14</size>
         <input_file_ref idref="fl-e2"/>
      </object_component>
      <object_component id="oc-943">
         <name>.text:USBDMAChannelConfigSet</name>
         <load_address>0x77fc</load_address>
         <run_address>0x77fc</run_address>
         <size>0x14</size>
         <input_file_ref idref="fl-ed"/>
      </object_component>
      <object_component id="oc-34c">
         <name>.text:USBHostResume</name>
         <load_address>0x7810</load_address>
         <run_address>0x7810</run_address>
         <size>0x14</size>
         <input_file_ref idref="fl-ed"/>
      </object_component>
      <object_component id="oc-964">
         <name>.text:_USBIndexWrite</name>
         <load_address>0x7824</load_address>
         <run_address>0x7824</run_address>
         <size>0x14</size>
         <input_file_ref idref="fl-ed"/>
      </object_component>
      <object_component id="oc-2be">
         <name>.text:get_keycode</name>
         <load_address>0x7838</load_address>
         <run_address>0x7838</run_address>
         <size>0x14</size>
         <input_file_ref idref="fl-4"/>
      </object_component>
      <object_component id="oc-32b">
         <name>.text</name>
         <load_address>0x784c</load_address>
         <run_address>0x784c</run_address>
         <size>0x14</size>
         <input_file_ref idref="fl-d5"/>
      </object_component>
      <object_component id="oc-74a">
         <name>.text:HandleResume</name>
         <load_address>0x7860</load_address>
         <run_address>0x7860</run_address>
         <size>0x12</size>
         <input_file_ref idref="fl-eb"/>
      </object_component>
      <object_component id="oc-744">
         <name>.text:HandleSuspend</name>
         <load_address>0x7872</load_address>
         <run_address>0x7872</run_address>
         <size>0x12</size>
         <input_file_ref idref="fl-eb"/>
      </object_component>
      <object_component id="oc-914">
         <name>.text:USBDMAChannelDisable</name>
         <load_address>0x7884</load_address>
         <run_address>0x7884</run_address>
         <size>0x12</size>
         <input_file_ref idref="fl-ed"/>
      </object_component>
      <object_component id="oc-949">
         <name>.text:USBDMAChannelEnable</name>
         <load_address>0x7896</load_address>
         <run_address>0x7896</run_address>
         <size>0x12</size>
         <input_file_ref idref="fl-ed"/>
      </object_component>
      <object_component id="oc-930">
         <name>.text:USBDMAChannelIntDisable</name>
         <load_address>0x78a8</load_address>
         <run_address>0x78a8</run_address>
         <size>0x12</size>
         <input_file_ref idref="fl-ed"/>
      </object_component>
      <object_component id="oc-929">
         <name>.text:USBDMAChannelIntEnable</name>
         <load_address>0x78ba</load_address>
         <run_address>0x78ba</run_address>
         <size>0x12</size>
         <input_file_ref idref="fl-ed"/>
      </object_component>
      <object_component id="oc-2d6">
         <name>.text:store_userps</name>
         <load_address>0x78cc</load_address>
         <run_address>0x78cc</run_address>
         <size>0x12</size>
         <input_file_ref idref="fl-4"/>
      </object_component>
      <object_component id="oc-43">
         <name>.text:SysTickIntHandler</name>
         <load_address>0x78e0</load_address>
         <run_address>0x78e0</run_address>
         <size>0x10</size>
         <input_file_ref idref="fl-a"/>
      </object_component>
      <object_component id="oc-35b">
         <name>.text:USBEndpointStatus</name>
         <load_address>0x78f0</load_address>
         <run_address>0x78f0</run_address>
         <size>0x10</size>
         <input_file_ref idref="fl-ed"/>
      </object_component>
      <object_component id="oc-306">
         <name>.text:get_ctrlz_strap</name>
         <load_address>0x7900</load_address>
         <run_address>0x7900</run_address>
         <size>0x10</size>
         <input_file_ref idref="fl-5"/>
      </object_component>
      <object_component id="oc-2c4">
         <name>.text:get_pgm_keypad_enable</name>
         <load_address>0x7910</load_address>
         <run_address>0x7910</run_address>
         <size>0x10</size>
         <input_file_ref idref="fl-5"/>
      </object_component>
      <object_component id="oc-24b">
         <name>.text:get_poweron_lock_strap</name>
         <load_address>0x7920</load_address>
         <run_address>0x7920</run_address>
         <size>0x10</size>
         <input_file_ref idref="fl-5"/>
      </object_component>
      <object_component id="oc-281">
         <name>.text:get_stw_lock_strap</name>
         <load_address>0x7930</load_address>
         <run_address>0x7930</run_address>
         <size>0x10</size>
         <input_file_ref idref="fl-5"/>
      </object_component>
      <object_component id="oc-299">
         <name>.text:get_weight_strap</name>
         <load_address>0x7940</load_address>
         <run_address>0x7940</run_address>
         <size>0x10</size>
         <input_file_ref idref="fl-5"/>
      </object_component>
      <object_component id="oc-7d5">
         <name>.text:DMAUSBIntStatusClear</name>
         <load_address>0x7950</load_address>
         <run_address>0x7950</run_address>
         <size>0xe</size>
         <input_file_ref idref="fl-e6"/>
      </object_component>
      <object_component id="oc-59a">
         <name>.text:USBDHIDTxPacketAvailable</name>
         <load_address>0x795e</load_address>
         <run_address>0x795e</run_address>
         <size>0xe</size>
         <input_file_ref idref="fl-eb"/>
      </object_component>
      <object_component id="oc-91b">
         <name>.text:USBDMAChannelStatus</name>
         <load_address>0x796c</load_address>
         <run_address>0x796c</run_address>
         <size>0xe</size>
         <input_file_ref idref="fl-ed"/>
      </object_component>
      <object_component id="oc-68a">
         <name>.text:USBDevLPMDisable</name>
         <load_address>0x797a</load_address>
         <run_address>0x797a</run_address>
         <size>0xe</size>
         <input_file_ref idref="fl-ed"/>
      </object_component>
      <object_component id="oc-1e1">
         <name>.text:USBDevLPMEnable</name>
         <load_address>0x7988</load_address>
         <run_address>0x7988</run_address>
         <size>0xe</size>
         <input_file_ref idref="fl-ed"/>
      </object_component>
      <object_component id="oc-678">
         <name>.text:USBULPIDisable</name>
         <load_address>0x7996</load_address>
         <run_address>0x7996</run_address>
         <size>0xe</size>
         <input_file_ref idref="fl-ed"/>
      </object_component>
      <object_component id="oc-66c">
         <name>.text:USBULPIEnable</name>
         <load_address>0x79a4</load_address>
         <run_address>0x79a4</run_address>
         <size>0xe</size>
         <input_file_ref idref="fl-ed"/>
      </object_component>
      <object_component id="oc-12">
         <name>.text:decompress:none</name>
         <load_address>0x79b2</load_address>
         <run_address>0x79b2</run_address>
         <size>0xe</size>
         <input_file_ref idref="fl-cb"/>
      </object_component>
      <object_component id="oc-905">
         <name>.text:USBEndpointPacketCountSet</name>
         <load_address>0x79c0</load_address>
         <run_address>0x79c0</run_address>
         <size>0xc</size>
         <input_file_ref idref="fl-ed"/>
      </object_component>
      <object_component id="oc-696">
         <name>.text:USBLPMIntEnable</name>
         <load_address>0x79cc</load_address>
         <run_address>0x79cc</run_address>
         <size>0xc</size>
         <input_file_ref idref="fl-ed"/>
      </object_component>
      <object_component id="oc-263">
         <name>.text:adc_start</name>
         <load_address>0x79d8</load_address>
         <run_address>0x79d8</run_address>
         <size>0xc</size>
         <input_file_ref idref="fl-2"/>
      </object_component>
      <object_component id="oc-3fe">
         <name>.text:get_ipl</name>
         <load_address>0x79e4</load_address>
         <run_address>0x79e4</run_address>
         <size>0xc</size>
         <input_file_ref idref="fl-9"/>
      </object_component>
      <object_component id="oc-666">
         <name>.text:USBClockEnable</name>
         <load_address>0x79f0</load_address>
         <run_address>0x79f0</run_address>
         <size>0xa</size>
         <input_file_ref idref="fl-ed"/>
      </object_component>
      <object_component id="oc-790">
         <name>.text:USBControllerVersion</name>
         <load_address>0x79fa</load_address>
         <run_address>0x79fa</run_address>
         <size>0xa</size>
         <input_file_ref idref="fl-ed"/>
      </object_component>
      <object_component id="oc-937">
         <name>.text:USBDMAChannelAddressSet</name>
         <load_address>0x7a04</load_address>
         <run_address>0x7a04</run_address>
         <size>0xa</size>
         <input_file_ref idref="fl-ed"/>
      </object_component>
      <object_component id="oc-93d">
         <name>.text:USBDMAChannelCountSet</name>
         <load_address>0x7a0e</load_address>
         <run_address>0x7a0e</run_address>
         <size>0xa</size>
         <input_file_ref idref="fl-ed"/>
      </object_component>
      <object_component id="oc-6ae">
         <name>.text:USBDevConnect</name>
         <load_address>0x7a18</load_address>
         <run_address>0x7a18</run_address>
         <size>0xa</size>
         <input_file_ref idref="fl-ed"/>
      </object_component>
      <object_component id="oc-1f3">
         <name>.text:USBDevDisconnect</name>
         <load_address>0x7a22</load_address>
         <run_address>0x7a22</run_address>
         <size>0xa</size>
         <input_file_ref idref="fl-ed"/>
      </object_component>
      <object_component id="oc-1e7">
         <name>.text:USBIntStatusEndpoint</name>
         <load_address>0x7a2c</load_address>
         <run_address>0x7a2c</run_address>
         <size>0xa</size>
         <input_file_ref idref="fl-ed"/>
      </object_component>
      <object_component id="oc-49">
         <name>.text:GPIO_PB_Handler</name>
         <load_address>0x7a36</load_address>
         <run_address>0x7a36</run_address>
         <size>0x8</size>
         <input_file_ref idref="fl-8"/>
      </object_component>
      <object_component id="oc-55">
         <name>.text:TIMER2AHandler</name>
         <load_address>0x7a3e</load_address>
         <run_address>0x7a3e</run_address>
         <size>0x8</size>
         <input_file_ref idref="fl-8"/>
      </object_component>
      <object_component id="oc-5b">
         <name>.text:TIMER3AHandler</name>
         <load_address>0x7a46</load_address>
         <run_address>0x7a46</run_address>
         <size>0x8</size>
         <input_file_ref idref="fl-8"/>
      </object_component>
      <object_component id="oc-61">
         <name>.text:TIMER3BHandler</name>
         <load_address>0x7a4e</load_address>
         <run_address>0x7a4e</run_address>
         <size>0x8</size>
         <input_file_ref idref="fl-8"/>
      </object_component>
      <object_component id="oc-684">
         <name>.text:USBDevMode</name>
         <load_address>0x7a56</load_address>
         <run_address>0x7a56</run_address>
         <size>0x8</size>
         <input_file_ref idref="fl-ed"/>
      </object_component>
      <object_component id="oc-8f9">
         <name>.text:USBFIFOAddrGet</name>
         <load_address>0x7a5e</load_address>
         <run_address>0x7a5e</run_address>
         <size>0x8</size>
         <input_file_ref idref="fl-ed"/>
      </object_component>
      <object_component id="oc-67e">
         <name>.text:USBOTGMode</name>
         <load_address>0x7a66</load_address>
         <run_address>0x7a66</run_address>
         <size>0x8</size>
         <input_file_ref idref="fl-ed"/>
      </object_component>
      <object_component id="oc-80b">
         <name>.text:iDMAUSBChannelIntDisable</name>
         <load_address>0x7a6e</load_address>
         <run_address>0x7a6e</run_address>
         <size>0x8</size>
         <input_file_ref idref="fl-e6"/>
      </object_component>
      <object_component id="oc-805">
         <name>.text:iDMAUSBChannelIntEnable</name>
         <load_address>0x7a76</load_address>
         <run_address>0x7a76</run_address>
         <size>0x8</size>
         <input_file_ref idref="fl-e6"/>
      </object_component>
      <object_component id="oc-2b">
         <name>.text:ResetISR</name>
         <load_address>0x7a7e</load_address>
         <run_address>0x7a7e</run_address>
         <size>0x6</size>
         <input_file_ref idref="fl-8"/>
      </object_component>
      <object_component id="oc-3a6">
         <name>.text:UARTClockSourceSet</name>
         <load_address>0x7a84</load_address>
         <run_address>0x7a84</run_address>
         <size>0x6</size>
         <input_file_ref idref="fl-dc"/>
      </object_component>
      <object_component id="oc-318">
         <name>.text:USBDHIDKeyboardRemoteWakeupRequest</name>
         <load_address>0x7a8a</load_address>
         <run_address>0x7a8a</run_address>
         <size>0x6</size>
         <input_file_ref idref="fl-e4"/>
      </object_component>
      <object_component id="oc-49f">
         <name>.text:USBDHIDRemoteWakeupRequest</name>
         <load_address>0x7a90</load_address>
[...]
         <object_component_ref idref="oc-32b"/>
      </symbol>
      <symbol id="sm-a02">
         <name>_lock</name>
         <value>0x20001128</value>
         <object_component_ref idref="oc-149"/>
      </symbol>
      <symbol id="sm-a03">
         <name>_unlock</name>
         <value>0x2000112c</value>
         <object_component_ref idref="oc-149"/>
      </symbol>
      <symbol id="sm-a04">
         <name>_register_lock</name>
         <value>0x7853</value>
         <object_component_ref idref="oc-32b"/>
      </symbol>
      <symbol id="sm-a05">
         <name>_register_unlock</name>
         <value>0x784d</value>
         <object_component_ref idref="oc-32b"/>
      </symbol>
      <symbol id="sm-a19">
         <name>_args_main</name>
         <value>0x7749</value>
         <object_component_ref idref="oc-a7"/>
      </symbol>
      <symbol id="sm-a3e">
         <name>__TI_auto_init</name>
         <value>0x5939</value>
         <object_component_ref idref="oc-a1"/>
      </symbol>
      <symbol id="sm-a58">
         <name>copy_in</name>
         <value>0x6675</value>
         <object_component_ref idref="oc-130"/>
      </symbol>
      <symbol id="sm-a62">
         <name>__aeabi_idiv0</name>
         <value>0x6abf</value>
         <object_component_ref idref="oc-60e"/>
      </symbol>
      <symbol id="sm-a6c">
         <name>_system_post_cinit</name>
         <value>0x6dbb</value>
         <object_component_ref idref="oc-136"/>
      </symbol>
      <symbol id="sm-aa0">
         <name>SysCtlGPIOAHBEnable</name>
         <value>0x75f9</value>
         <object_component_ref idref="oc-21b"/>
      </symbol>
      <symbol id="sm-aa1">
         <name>SysCtlPeripheralEnable</name>
         <value>0x6f3d</value>
         <object_component_ref idref="oc-65a"/>
      </symbol>
      <symbol id="sm-aa2">
         <name>SysCtlUSBPLLEnable</name>
         <value>0x77c1</value>
         <object_component_ref idref="oc-660"/>
      </symbol>
      <symbol id="sm-aa3">
         <name>SysCtlPeripheralReset</name>
         <value>0x63bd</value>
         <object_component_ref idref="oc-654"/>
      </symbol>
      <symbol id="sm-ab0">
         <name>UARTClockSourceSet</name>
         <value>0x7a85</value>
         <object_component_ref idref="oc-3a6"/>
      </symbol>
      <symbol id="sm-afc">
         <name>IntIsEnabled</name>
         <value>0x5d6d</value>
         <object_component_ref idref="oc-8d2"/>
      </symbol>
      <symbol id="sm-afd">
         <name>IntEnable</name>
         <value>0x5ca1</value>
         <object_component_ref idref="oc-6b4"/>
      </symbol>
      <symbol id="sm-afe">
         <name>IntDisable</name>
         <value>0x5c39</value>
         <object_component_ref idref="oc-8d8"/>
      </symbol>
      <symbol id="sm-b38">
         <name>g_iUSBMode</name>
         <value>0x2000111c</value>
         <object_component_ref idref="oc-40b"/>
      </symbol>
      <symbol id="sm-b39">
         <name>USBStackModeSet</name>
         <value>0x7485</value>
         <object_component_ref idref="oc-23f"/>
      </symbol>
      <symbol id="sm-b3a">
         <name>g_ui32WaitTicks</name>
         <value>0x20001120</value>
         <object_component_ref idref="oc-40b"/>
      </symbol>
      <symbol id="sm-b72">
         <name>g_pfnTickHandlers</name>
         <value>0x2000291c</value>
      </symbol>
      <symbol id="sm-b73">
         <name>g_pvTickInstance</name>
         <value>0x20002934</value>
      </symbol>
      <symbol id="sm-b74">
         <name>g_ui32USBSOFCount</name>
         <value>0x20001118</value>
         <object_component_ref idref="oc-1ff"/>
      </symbol>
      <symbol id="sm-b75">
         <name>g_bUSBTimerInitialized</name>
         <value>0x20001110</value>
         <object_component_ref idref="oc-1ff"/>
      </symbol>
      <symbol id="sm-b76">
         <name>g_ui32CurrentUSBTick</name>
         <value>0x20001114</value>
         <object_component_ref idref="oc-1ff"/>
      </symbol>
      <symbol id="sm-b77">
         <name>InternalUSBStartOfFrameTick</name>
         <value>0x6df5</value>
         <object_component_ref idref="oc-1d5"/>
      </symbol>
      <symbol id="sm-b78">
         <name>InternalUSBRegisterTickHandler</name>
         <value>0x6dbd</value>
         <object_component_ref idref="oc-637"/>
      </symbol>
      <symbol id="sm-b79">
         <name>InternalUSBTickInit</name>
         <value>0x7169</value>
         <object_component_ref idref="oc-631"/>
      </symbol>
      <symbol id="sm-d22">
         <name>g_ppsDevInfo</name>
         <value>0x20002990</value>
      </symbol>
      <symbol id="sm-d23">
         <name>USBDCDSendDataEP0</name>
         <value>0x77e9</value>
         <object_component_ref idref="oc-873"/>
      </symbol>
      <symbol id="sm-d24">
         <name>USBDCDStallEP0</name>
         <value>0x7631</value>
         <object_component_ref idref="oc-4ba"/>
      </symbol>
      <symbol id="sm-d25">
         <name>USBDCDRequestDataEP0</name>
         <value>0x77d5</value>
         <object_component_ref idref="oc-87a"/>
      </symbol>
      <symbol id="sm-d26">
         <name>USBDeviceEnumHandler</name>
         <value>0x4579</value>
         <object_component_ref idref="oc-1ed"/>
      </symbol>
      <symbol id="sm-d27">
         <name>USBDCDInit</name>
         <value>0x3799</value>
         <object_component_ref idref="oc-544"/>
      </symbol>
      <symbol id="sm-d28">
         <name>USBDeviceEnumResetHandler</name>
         <value>0x68c9</value>
         <object_component_ref idref="oc-1c9"/>
      </symbol>
      <symbol id="sm-d29">
         <name>g_psDCDInst</name>
         <value>0x200027ec</value>
         <object_component_ref idref="oc-1fc"/>
      </symbol>
      <symbol id="sm-d2a">
         <name>USBDCDDeviceInfoInit</name>
         <value>0x6ac1</value>
         <object_component_ref idref="oc-625"/>
      </symbol>
      <symbol id="sm-d2b">
         <name>USBDeviceIntHandlerInternal</name>
         <value>0x3a39</value>
         <object_component_ref idref="oc-10d"/>
      </symbol>
      <symbol id="sm-d2c">
         <name>USBDCDRemoteWakeupRequest</name>
         <value>0x6ccd</value>
         <object_component_ref idref="oc-5a8"/>
      </symbol>
      <symbol id="sm-d2d">
         <name>USBDeviceResumeTickHandler</name>
         <value>0x645d</value>
         <object_component_ref idref="oc-1cf"/>
      </symbol>
      <symbol id="sm-d39">
         <name>USB0DeviceIntHandler</name>
         <value>0x76e9</value>
         <object_component_ref idref="oc-67"/>
      </symbol>
      <symbol id="sm-def">
         <name>USBDHIDKeyboardInit</name>
         <value>0x71c9</value>
         <object_component_ref idref="oc-245"/>
      </symbol>
      <symbol id="sm-df0">
         <name>USBDHIDKeyboardRemoteWakeupRequest</name>
         <value>0x7a8b</value>
         <object_component_ref idref="oc-318"/>
      </symbol>
      <symbol id="sm-df1">
         <name>USBDHIDKeyboardCompositeInit</name>
         <value>0x4c21</value>
         <object_component_ref idref="oc-412"/>
      </symbol>
      <symbol id="sm-df2">
         <name>USBDHIDKeyboardKeyStateChange</name>
         <value>0x52f9</value>
         <object_component_ref idref="oc-491"/>
      </symbol>
      <symbol id="sm-e10">
         <name>USBDescGet</name>
         <value>0x7225</value>
         <object_component_ref idref="oc-95a"/>
      </symbol>
      <symbol id="sm-e11">
         <name>USBDescGetNum</name>
         <value>0x72d3</value>
         <object_component_ref idref="oc-85d"/>
      </symbol>
      <symbol id="sm-f56">
         <name>USBLibDMAInit</name>
         <value>0x3639</value>
         <object_component_ref idref="oc-69c"/>
      </symbol>
      <symbol id="sm-f63">
         <name>ULPIConfigSet</name>
         <value>0x6369</value>
         <object_component_ref idref="oc-672"/>
      </symbol>
      <symbol id="sm-fb4">
         <name>USBDCDConfigDescGet</name>
         <value>0x640d</value>
         <object_component_ref idref="oc-83d"/>
      </symbol>
      <symbol id="sm-fb5">
         <name>USBDCDConfigGetInterface</name>
         <value>0x7615</value>
         <object_component_ref idref="oc-704"/>
      </symbol>
      <symbol id="sm-fb6">
         <name>USBDCDConfigDescGetSize</name>
         <value>0x7683</value>
         <object_component_ref idref="oc-4c7"/>
      </symbol>
      <symbol id="sm-fb7">
         <name>USBDCDConfigGetInterfaceEndpoint</name>
         <value>0x6e2d</value>
         <object_component_ref idref="oc-61f"/>
      </symbol>
      <symbol id="sm-fb8">
         <name>USBDCDConfigDescGetNum</name>
         <value>0x72a9</value>
         <object_component_ref idref="oc-6fe"/>
      </symbol>
      <symbol id="sm-1005">
         <name>USBDeviceConfigAlternate</name>
         <value>0x515d</value>
         <object_component_ref idref="oc-70a"/>
      </symbol>
      <symbol id="sm-1006">
         <name>USBDeviceConfig</name>
         <value>0x3cd5</value>
         <object_component_ref idref="oc-6f6"/>
      </symbol>
      <symbol id="sm-1152">
         <name>USBDHIDInit</name>
         <value>0x73f1</value>
         <object_component_ref idref="oc-418"/>
      </symbol>
      <symbol id="sm-1153">
         <name>USBDHIDReportWrite</name>
         <value>0x67a3</value>
         <object_component_ref idref="oc-5a0"/>
      </symbol>
      <symbol id="sm-1154">
         <name>g_sHIDHandlers</name>
         <value>0x7f58</value>
         <object_component_ref idref="oc-63d"/>
      </symbol>
      <symbol id="sm-1155">
         <name>USBDHIDCompositeInit</name>
         <value>0x43c1</value>
         <object_component_ref idref="oc-52e"/>
      </symbol>
      <symbol id="sm-1156">
         <name>g_pui8HIDDeviceDescriptor</name>
         <value>0x200010f1</value>
         <object_component_ref idref="oc-640"/>
      </symbol>
      <symbol id="sm-1157">
         <name>USBDHIDRemoteWakeupRequest</name>
         <value>0x7a91</value>
         <object_component_ref idref="oc-49f"/>
      </symbol>
      <symbol id="sm-1158">
         <name>USBDHIDTxPacketAvailable</name>
         <value>0x795f</value>
         <object_component_ref idref="oc-59a"/>
      </symbol>
      <symbol id="sm-11a3">
         <name>uDMAChannelControlSet</name>
         <value>0x7515</value>
         <object_component_ref idref="oc-8b1"/>
      </symbol>
      <symbol id="sm-11a4">
         <name>uDMAChannelDisable</name>
         <value>0x7779</value>
         <object_component_ref idref="oc-8cb"/>
      </symbol>
      <symbol id="sm-11a5">
         <name>uDMAChannelModeGet</name>
         <value>0x73c9</value>
         <object_component_ref idref="oc-8f0"/>
      </symbol>
      <symbol id="sm-11a6">
         <name>uDMAChannelTransferSet</name>
         <value>0x5489</value>
         <object_component_ref idref="oc-8ff"/>
      </symbol>
      <symbol id="sm-11a7">
         <name>uDMAChannelAttributeDisable</name>
         <value>0x6a31</value>
         <object_component_ref idref="oc-8be"/>
      </symbol>
      <symbol id="sm-11a8">
         <name>uDMAChannelEnable</name>
         <value>0x7791</value>
         <object_component_ref idref="oc-8e4"/>
      </symbol>
      <symbol id="sm-1357">
         <name>USBLPMIntEnable</name>
         <value>0x79cd</value>
         <object_component_ref idref="oc-696"/>
      </symbol>
      <symbol id="sm-1358">
         <name>USBEndpointDataAvail</name>
         <value>0x764d</value>
         <object_component_ref idref="oc-76c"/>
      </symbol>
      <symbol id="sm-1359">
         <name>USBClockEnable</name>
         <value>0x79f1</value>
         <object_component_ref idref="oc-666"/>
      </symbol>
      <symbol id="sm-135a">
         <name>USBDevDisconnect</name>
         <value>0x7a23</value>
         <object_component_ref idref="oc-1f3"/>
      </symbol>
      <symbol id="sm-135b">
         <name>USBDevEndpointStallClear</name>
         <value>0x67ed</value>
         <object_component_ref idref="oc-6e4"/>
      </symbol>
      <symbol id="sm-135c">
         <name>USBEndpointDataPut</name>
         <value>0x6ed3</value>
         <object_component_ref idref="oc-4cd"/>
      </symbol>
      <symbol id="sm-135d">
         <name>USBDMAChannelIntStatus</name>
         <value>0x7a97</value>
         <object_component_ref idref="oc-922"/>
      </symbol>
      <symbol id="sm-135e">
         <name>USBDevAddrSet</name>
         <value>0x7abd</value>
         <object_component_ref idref="oc-367"/>
      </symbol>
      <symbol id="sm-135f">
         <name>USBDMAChannelCountSet</name>
         <value>0x7a0f</value>
         <object_component_ref idref="oc-93d"/>
      </symbol>
      <symbol id="sm-1360">
         <name>USBLPMIntStatus</name>
         <value>0x7aa3</value>
         <object_component_ref idref="oc-1db"/>
      </symbol>
      <symbol id="sm-1361">
         <name>USBDMAChannelAddressSet</name>
         <value>0x7a05</value>
         <object_component_ref idref="oc-937"/>
      </symbol>
      <symbol id="sm-1362">
         <name>USBULPIDisable</name>
         <value>0x7997</value>
         <object_component_ref idref="oc-678"/>
      </symbol>
      <symbol id="sm-1363">
         <name>USBIntStatusControl</name>
         <value>0x6e65</value>
         <object_component_ref idref="oc-107"/>
      </symbol>
      <symbol id="sm-1364">
         <name>USBEndpointDMADisable</name>
         <value>0x743b</value>
         <object_component_ref idref="oc-8c4"/>
      </symbol>
      <symbol id="sm-1365">
         <name>USBDevEndpointDataAck</name>
         <value>0x72fd</value>
         <object_component_ref idref="oc-373"/>
      </symbol>
      <symbol id="sm-1366">
         <name>USBOTGMode</name>
         <value>0x7a67</value>
         <object_component_ref idref="oc-67e"/>
      </symbol>
      <symbol id="sm-1367">
         <name>USBDMAChannelConfigSet</name>
         <value>0x77fd</value>
         <object_component_ref idref="oc-943"/>
      </symbol>
      <symbol id="sm-1368">
         <name>USBULPIRegRead</name>
         <value>0x75bd</value>
         <object_component_ref idref="oc-77c"/>
      </symbol>
      <symbol id="sm-1369">
         <name>USBDevMode</name>
         <value>0x7a57</value>
         <object_component_ref idref="oc-684"/>
      </symbol>
      <symbol id="sm-136a">
         <name>USBIntEnableEndpoint</name>
         <value>0x77a9</value>
         <object_component_ref idref="oc-6a8"/>
      </symbol>
      <symbol id="sm-136b">
         <name>USBEndpointDataGet</name>
         <value>0x6a79</value>
         <object_component_ref idref="oc-36d"/>
      </symbol>
      <symbol id="sm-136c">
         <name>USBDevEndpointStatusClear</name>
         <value>0x5f55</value>
         <object_component_ref idref="oc-361"/>
      </symbol>
      <symbol id="sm-136d">
         <name>USBULPIEnable</name>
         <value>0x79a5</value>
         <object_component_ref idref="oc-66c"/>
      </symbol>
      <symbol id="sm-136e">
         <name>USBFIFOAddrGet</name>
         <value>0x7a5f</value>
         <object_component_ref idref="oc-8f9"/>
      </symbol>
      <symbol id="sm-136f">
         <name>USBDMAChannelStatus</name>
         <value>0x796d</value>
         <object_component_ref idref="oc-91b"/>
      </symbol>
      <symbol id="sm-1370">
         <name>USBULPIRegWrite</name>
         <value>0x75db</value>
         <object_component_ref idref="oc-782"/>
      </symbol>
      <symbol id="sm-1371">
         <name>USBDMAChannelIntEnable</name>
         <value>0x78bb</value>
         <object_component_ref idref="oc-929"/>
      </symbol>
      <symbol id="sm-1372">
         <name>USBDevLPMConfig</name>
         <value>0x7a9d</value>
         <object_component_ref idref="oc-690"/>
      </symbol>
      <symbol id="sm-1373">
         <name>USBDevLPMEnable</name>
         <value>0x7989</value>
         <object_component_ref idref="oc-1e1"/>
      </symbol>
      <symbol id="sm-1374">
         <name>USBControllerVersion</name>
         <value>0x79fb</value>
         <object_component_ref idref="oc-790"/>
      </symbol>
      <symbol id="sm-1375">
         <name>USBFIFOConfigSet</name>
         <value>0x6d81</value>
         <object_component_ref idref="oc-855"/>
      </symbol>
      <symbol id="sm-1376">
         <name>USBEndpointDMAEnable</name>
         <value>0x745f</value>
         <object_component_ref idref="oc-8de"/>
      </symbol>
      <symbol id="sm-1377">
         <name>USBDevLPMDisable</name>
         <value>0x797b</value>
         <object_component_ref idref="oc-68a"/>
      </symbol>
      <symbol id="sm-1378">
         <name>USBEndpointDataSend</name>
         <value>0x6fa5</value>
         <object_component_ref idref="oc-4d3"/>
      </symbol>
      <symbol id="sm-1379">
         <name>USBIntStatusEndpoint</name>
         <value>0x7a2d</value>
         <object_component_ref idref="oc-1e7"/>
      </symbol>
      <symbol id="sm-137a">
         <name>USBEndpointStatus</name>
         <value>0x78f1</value>
         <object_component_ref idref="oc-35b"/>
      </symbol>
      <symbol id="sm-137b">
         <name>USBEndpointPacketCountSet</name>
         <value>0x79c1</value>
         <object_component_ref idref="oc-905"/>
      </symbol>
      <symbol id="sm-137c">
         <name>USBDMAChannelIntDisable</name>
         <value>0x78a9</value>
         <object_component_ref idref="oc-930"/>
      </symbol>
      <symbol id="sm-137d">
         <name>USBEndpointDMAConfigSet</name>
         <value>0x6591</value>
         <object_component_ref idref="oc-90b"/>
      </symbol>
      <symbol id="sm-137e">
         <name>USBDevEndpointStall</name>
         <value>0x70a3</value>
         <object_component_ref idref="oc-5af"/>
      </symbol>
      <symbol id="sm-137f">
         <name>USBDevConnect</name>
         <value>0x7a19</value>
         <object_component_ref idref="oc-6ae"/>
      </symbol>
      <symbol id="sm-1380">
         <name>USBDevEndpointConfigSet</name>
         <value>0x558d</value>
         <object_component_ref idref="oc-849"/>
      </symbol>
      <symbol id="sm-1381">
         <name>USBDMAChannelDisable</name>
         <value>0x7885</value>
         <object_component_ref idref="oc-914"/>
      </symbol>
      <symbol id="sm-1382">
         <name>USBDMAChannelEnable</name>
         <value>0x7897</value>
         <object_component_ref idref="oc-949"/>
      </symbol>
      <symbol id="sm-1383">
         <name>USBHostResume</name>
         <value>0x7811</value>
         <object_component_ref idref="oc-34c"/>
      </symbol>
      <symbol id="sm-1384">
         <name>USBIntEnableControl</name>
         <value>0x73a1</value>
         <object_component_ref idref="oc-6a2"/>
      </symbol>
      <symbol id="sm-1385">
         <name>USBEndpointDMAChannel</name>
         <value>0x769d</value>
         <object_component_ref idref="oc-8b8"/>
      </symbol>
      <symbol id="sm-1386">
         <name>__TI_static_base__</name>
         <value>0x0</value>
      </symbol>
      <symbol id="sm-1389">
         <name>SHT$$INIT_ARRAY$$Limit</name>
         <value>0x0</value>
      </symbol>
      <symbol id="sm-138a">
         <name>SHT$$INIT_ARRAY$$Base</name>
         <value>0x0</value>
      </symbol>
   </symbol_table>
   <title>Link successful</title>
</link_info>
